To honour the JVM settings for this build a single-use Daemon process will be forked. For more on this, please refer to https://docs.gradle.org/8.12/userguide/gradle_daemon.html#sec:disabling_the_daemon in the Gradle documentation.
Daemon will be stopped at the end of the build 
> Task :compileJava UP-TO-DATE
> Task :processResources UP-TO-DATE
> Task :classes UP-TO-DATE

> Task :compileTestJava
/workspaces/service/src/test/java/ro/unibuc/prodeng/controller/PhotoControllerIntegrationTest.java:53: error: cannot find symbol
                new UserEntity("regular-user", "user@example.com", UserRole.USER));
                                                                           ^
  symbol:   variable USER
  location: class UserRole
1 error

> Task :compileTestJava FAILED

[Incubating] Problems report is available at: file:///workspaces/service/build/reports/problems/problems-report.html

FAILURE: Build failed with an exception.

* What went wrong:
Execution failed for task ':compileTestJava'.
> Compilation failed; see the compiler output below.
  /workspaces/service/src/test/java/ro/unibuc/prodeng/controller/PhotoControllerIntegrationTest.java:53: error: cannot find symbol
                  new UserEntity("regular-user", "user@example.com", UserRole.USER));
                                                                             ^
    symbol:   variable USER
    location: class UserRole
  1 error

* Try:
> Check your code and dependencies to fix the compilation error(s)
> Run with --scan to get full insights.

Deprecated Gradle features were used in this build, making it incompatible with Gradle 9.0.

You can use '--warning-mode all' to show the individual deprecation warnings and determine if they come from your own scripts or plugins.

For more on this, please refer to https://docs.gradle.org/8.12/userguide/command_line_interface.html#sec:command_line_warnings in the Gradle documentation.

BUILD FAILED in 20s
3 actionable tasks: 1 executed, 2 up-to-date
